Internal Server Error: /
Traceback (most recent call last):
  File "/home/gelie/Projects/pwms_project/.venv/lib64/python3.14/site-packages/django/core/handlers/exception.py", line 56, in inner
    response = get_response(request)
  File "/home/gelie/Projects/pwms_project/.venv/lib64/python3.14/site-packages/django/core/handlers/base.py", line 199, in _get_response
    response = wrapped_callback(request, *callback_args, **callback_kwargs)
  File "/home/gelie/Projects/pwms_project/src/pwms_project/pwms/views.py", line 5, in index
    return render(request, "index.html")
  File "/home/gelie/Projects/pwms_project/.venv/lib64/python3.14/site-packages/django/shortcuts.py", line 27, in render
    content = loader.render_to_string(template_name, context, request, using=using)
  File "/home/gelie/Projects/pwms_project/.venv/lib64/python3.14/site-packages/django/template/loader.py", line 61, in render_to_string
    template = get_template(template_name, using=using)
  File "/home/gelie/Projects/pwms_project/.venv/lib64/python3.14/site-packages/django/template/loader.py", line 19, in get_template
    raise TemplateDoesNotExist(template_name, chain=chain)
django.template.exceptions.TemplateDoesNotExist: index.html
"GET / HTTP/1.1" 500 86235
Internal Server Error: /
Traceback (most recent call last):
  File "/home/gelie/Projects/pwms_project/.venv/lib64/python3.14/site-packages/django/core/handlers/exception.py", line 56, in inner
    response = get_response(request)
  File "/home/gelie/Projects/pwms_project/.venv/lib64/python3.14/site-packages/django/core/handlers/base.py", line 199, in _get_response
    response = wrapped_callback(request, *callback_args, **callback_kwargs)
  File "/home/gelie/Projects/pwms_project/src/pwms_project/pwms/views.py", line 5, in index
    return render(request, "pwms:index.html")
  File "/home/gelie/Projects/pwms_project/.venv/lib64/python3.14/site-packages/django/shortcuts.py", line 27, in render
    content = loader.render_to_string(template_name, context, request, using=using)
  File "/home/gelie/Projects/pwms_project/.venv/lib64/python3.14/site-packages/django/template/loader.py", line 61, in render_to_string
    template = get_template(template_name, using=using)
  File "/home/gelie/Projects/pwms_project/.venv/lib64/python3.14/site-packages/django/template/loader.py", line 19, in get_template
    raise TemplateDoesNotExist(template_name, chain=chain)
django.template.exceptions.TemplateDoesNotExist: pwms:index.html
"GET / HTTP/1.1" 500 86333
Not Found: /admin/workflows/transition/add/
"GET /admin/workflows/transition/add/ HTTP/1.1" 404 5274
